#
# There is insufficient memory for the Java Runtime Environment to continue.
# Native memory allocation (mmap) failed to map 130023424 bytes. Error detail: G1 virtual space
# Possible reasons:
#   The system is out of physical RAM or swap space
#   This process is running with CompressedOops enabled, and the Java Heap may be blocking the growth of the native heap
# Possible solutions:
#   Reduce memory load on the system
#   Increase physical memory or swap space
#   Check if swap backing store is full
#   Decrease Java heap size (-Xmx/-Xms)
#   Decrease number of Java threads
#   Decrease Java thread stack sizes (-Xss)
#   Set larger code cache with -XX:ReservedCodeCacheSize=
#   JVM is running with Unscaled Compressed Oops mode in which the Java heap is
#     placed in the first 4GB address space. The Java Heap base address is the
#     maximum limit for the native heap growth. Please use -XX:HeapBaseMinAddress
#     to set the Java Heap base and to place the Java Heap above 4GB virtual address.
# This output file may be truncated or incomplete.
#
#  Out of Memory Error (os_windows.cpp:3554), pid=15972, tid=25232
#
# JRE version:  (25.0.2+10) (build )
# Java VM: Java HotSpot(TM) 64-Bit Server VM (25.0.2+10-LTS-69, mixed mode, sharing, tiered, compressed oops, compressed class ptrs, g1 gc, windows-amd64)
# No core dump will be written. Minidumps are not enabled by default on client versions of Windows
#

---------------  S U M M A R Y ------------

Command Line: -Dmaven.home=EMBEDDED -Dclassworlds.conf=D:\eclips workspace\.metadata\.plugins\org.eclipse.m2e.launching\launches\m2conf3617241899664131033.tmp -Dmaven.multiModuleProjectDirectory=C:\Users\varsh\Desktop\HMS\HMS\MediCare -Dm2e.build.project.data.socket.port=21864 -Dfile.encoding=UTF-8 -Dstdout.encoding=UTF-8 -Dstderr.encoding=UTF-8 -XX:+ShowCodeDetailsInExceptionMessages org.codehaus.plexus.classworlds.launcher.Launcher -B -Dstyle.color=always

Host: 11th Gen Intel(R) Core(TM) i3-1115G4 @ 3.00GHz, 4 cores, 7G,  Windows 11 , 64 bit Build 26100 (10.0.26100.7920)
Time: Thu Apr 30 19:16:31 2026 India Standard Time elapsed time: 0.021862 seconds (0d 0h 0m 0s)

---------------  T H R E A D  ---------------

Current thread (0x000001b7fe40f730):  JavaThread "Unknown thread" [_thread_in_vm, id=25232, stack(0x0000005da1c00000,0x0000005da1d00000) (1024K)]

Stack: [0x0000005da1c00000,0x0000005da1d00000]
Native frames: (J=compiled Java code, j=interpreted, Vv=VM code, C=native code)
V  [jvm.dll+0x7a70f9]  (no source info available)
V  [jvm.dll+0x772d6d]  (no source info available)
V  [jvm.dll+0x965d53]  (no source info available)
V  [jvm.dll+0x968351]  (no source info available)
V  [jvm.dll+0x968a63]  (no source info available)
V  [jvm.dll+0x2fc846]  (no source info available)
V  [jvm.dll+0x7a3325]  (no source info available)
V  [jvm.dll+0x796737]  (no source info available)
V  [jvm.dll+0x3f4988]  (no source info available)
V  [jvm.dll+0x3fc8d6]  (no source info available)
V  [jvm.dll+0x3e8f7e]  (no source info available)
V  [jvm.dll+0x3e9238]  (no source info available)
V  [jvm.dll+0x3c0145]  (no source info available)
V  [jvm.dll+0x3c0dce]  (no source info available)
V  [jvm.dll+0x92cdf7]  (no source info available)
V  [jvm.dll+0x458f02]  (no source info available)
V  [jvm.dll+0x9107a2]  (no source info available)
V  [jvm.dll+0x4f9331]  (no source info available)
V  [jvm.dll+0x4fabc1]  (no source info available)
C  [jli.dll+0x543e]  (no source info available)
C  [ucrtbase.dll+0x37b0]  (no source info available)
C  [KERNEL32.DLL+0x2e8d7]  (no source info available)
C  [ntdll.dll+0x8c48c]  (no source info available)

Lock stack of current Java thread (top to bottom):


---------------  P R O C E S S  ---------------

Threads class SMR info:
_java_thread_list=0x00007ff8444f5388, length=0, elements={
}

Java Threads: ( => current thread )
Total: 0

Other Threads:
  0x000001b7fe464990 WorkerThread "GC Thread#0"                     [id=11520, stack(0x0000005da1d00000,0x0000005da1e00000) (1024K)]
  0x000001b7fe47e080 ConcurrentGCThread "G1 Main Marker"            [id=25916, stack(0x0000005da1e00000,0x0000005da1f00000) (1024K)]
  0x000001b7fe481240 WorkerThread "G1 Conc#0"                       [id=19884, stack(0x0000005da1f00000,0x0000005da2000000) (1024K)]

[error occurred during error reporting (printing all threads), id 0xc0000005, EXCEPTION_ACCESS_VIOLATION (0xc0000005) at pc=0x00007ff843bd4f1a]
VM state: not at safepoint (not fully initialized)

VM Mutex/Monitor currently owned by a thread:  ([mutex/lock_event])
[0x00007ff844579768] Heap_lock - owner thread: 0x000001b7fe40f730

Heap address: 0x0000000085800000, size: 1960 MB, Compressed Oops mode: 32-bit

CDS archive(s) mapped at: [0x0000000000000000-0x0000000000000000-0x0000000000000000), size 0, SharedBaseAddress: 0x0000000800000000, ArchiveRelocationMode: 1.
UseCompressedClassPointers 1, UseCompactObjectHeaders 0
Narrow klass pointer bits 32, Max shift 3
Narrow klass base: 0xffffffffffffffff, Narrow klass shift: -1
Encoding Range: [0xffffffffffffffff - 0x000000007fffffff), (2147483648 bytes)
Klass Range:    [0x0000000000000000 - 0x0000000000000000), (0 bytes)
Klass ID Range:  [4294967295 - 0) (1)
No protection zone.

GC Precious Log:
 CardTable entry size: 512
 Card Set container configuration: InlinePtr #cards 5 size 8 Array Of Cards #cards 10 size 36 Howl #buckets 4 coarsen threshold 1843 Howl Bitmap #cards 512 size 80 coarsen threshold 460 Card regions per heap region 1 cards per card region 2048

Heap:
 garbage-first heap   total reserved 2007040K, committed 0K, used 0K [0x0000000085800000, 0x0000000100000000)
  region size 1024K, 0 young (0K), 0 survivors (0K)

Heap Regions: E=young(eden), S=young(survivor), O=old, HS=humongous(starts), HC=humongous(continues), CS=collection set, F=free, TAMS=top-at-mark-start, PB=parsable bottom

Card table byte_map: [0x000001b7fe8b0000,0x000001b7fec90000] _byte_map_base: 0x000001b7fe484000

Marking Bits: (CMBitMap*) 0x000001b7fe465130
 Bits: [0x000001b7977d0000, 0x000001b799670000)

GC Heap Usage History (0 events):
No events

Metaspace Usage History (0 events):
No events

Dll operation events (1 events):
Event: 0.015 Loaded shared library C:\Program Files\Java\jdk-25.0.2\bin\java.dll

Deoptimization events (0 events):
No events

Classes loaded (0 events):
No events

Classes unloaded (0 events):
No events

Classes redefined (0 events):
No events

Internal exceptions (0 events):
No events

VM Operations (0 events):
No events

Memory protections (0 events):
No events

Nmethod flushes (0 events):
No events

Events (0 events):
No events


Dynamic libraries:
0x00007ff6b9910000 - 0x00007ff6b9920000 	C:\Program Files\Java\jdk-25.0.2\bin\javaw.exe
0x00007ff886640000 - 0x00007ff8868a7000 	C:\WINDOWS\SYSTEM32\ntdll.dll
0x00007ff885620000 - 0x00007ff8856e9000 	C:\WINDOWS\System32\KERNEL32.DLL
0x00007ff883c80000 - 0x00007ff884071000 	C:\WINDOWS\System32\KERNELBASE.dll
0x00007ff883200000 - 0x00007ff88334b000 	C:\WINDOWS\System32\ucrtbase.dll
0x00007ff86e350000 - 0x00007ff86e367000 	C:\Program Files\Java\jdk-25.0.2\bin\jli.dll
0x00007ff871f70000 - 0x00007ff871f8e000 	C:\Program Files\Java\jdk-25.0.2\bin\VCRUNTIME140.dll
0x00007ff8856f0000 - 0x00007ff8858b5000 	C:\WINDOWS\System32\USER32.dll
0x00007ff8831d0000 - 0x00007ff8831f7000 	C:\WINDOWS\System32\win32u.dll
0x00007ff868fa0000 - 0x00007ff869233000 	C:\WINDOWS\WinSxS\amd64_microsoft.windows.common-controls_6595b64144ccf1df_6.0.26100.8037_none_3e092faae333b53b\COMCTL32.dll
0x00007ff885270000 - 0x00007ff88529b000 	C:\WINDOWS\System32\GDI32.dll
0x00007ff885bc0000 - 0x00007ff885c69000 	C:\WINDOWS\System32\msvcrt.dll
0x00007ff884200000 - 0x00007ff88432b000 	C:\WINDOWS\System32\gdi32full.dll
0x00007ff883120000 - 0x00007ff8831c3000 	C:\WINDOWS\System32\msvcp_win.dll
0x00007ff8858c0000 - 0x00007ff8858f1000 	C:\WINDOWS\System32\IMM32.DLL
0x00007ff87ff30000 - 0x00007ff87ff3c000 	C:\Program Files\Java\jdk-25.0.2\bin\vcruntime140_1.dll
0x00007ff845770000 - 0x00007ff8457fd000 	C:\Program Files\Java\jdk-25.0.2\bin\msvcp140.dll
0x00007ff843800000 - 0x00007ff84465f000 	C:\Program Files\Java\jdk-25.0.2\bin\server\jvm.dll
0x00007ff8852c0000 - 0x00007ff88537b000 	C:\WINDOWS\System32\ADVAPI32.dll
0x00007ff8845e0000 - 0x00007ff884687000 	C:\WINDOWS\System32\sechost.dll
0x00007ff8864e0000 - 0x00007ff8865f8000 	C:\WINDOWS\System32\RPCRT4.dll
0x00007ff885950000 - 0x00007ff8859c4000 	C:\WINDOWS\System32\WS2_32.dll
0x00007ff878d70000 - 0x00007ff878da5000 	C:\WINDOWS\SYSTEM32\WINMM.dll
0x00007ff882d80000 - 0x00007ff882dde000 	C:\WINDOWS\SYSTEM32\POWRPROF.dll
0x00007ff871e00000 - 0x00007ff871e0b000 	C:\WINDOWS\SYSTEM32\VERSION.dll
0x00007ff882d60000 - 0x00007ff882d74000 	C:\WINDOWS\SYSTEM32\UMPDC.dll
0x00007ff881c90000 - 0x00007ff881cab000 	C:\WINDOWS\SYSTEM32\kernel.appcore.dll
0x00007ff87ddf0000 - 0x00007ff87ddfa000 	C:\Program Files\Java\jdk-25.0.2\bin\jimage.dll
0x00007ff880d30000 - 0x00007ff880f72000 	C:\WINDOWS\SYSTEM32\DBGHELP.DLL
0x00007ff884e00000 - 0x00007ff885182000 	C:\WINDOWS\System32\combase.dll
0x00007ff885190000 - 0x00007ff885267000 	C:\WINDOWS\System32\OLEAUT32.dll
0x00007ff861c20000 - 0x00007ff861c5b000 	C:\WINDOWS\SYSTEM32\dbgcore.DLL
0x00007ff884330000 - 0x00007ff8843d5000 	C:\WINDOWS\System32\bcryptPrimitives.dll
0x00007ff86d8b0000 - 0x00007ff86d8cf000 	C:\Program Files\Java\jdk-25.0.2\bin\java.dll
0x00007ff8853b0000 - 0x00007ff885545000 	C:\WINDOWS\System32\ole32.dll
0x00007ff884690000 - 0x00007ff884def000 	C:\WINDOWS\System32\SHELL32.dll
0x00007ff882f20000 - 0x00007ff88308a000 	C:\WINDOWS\System32\wintypes.dll

JVMTI agents: none

dbghelp: loaded successfully - version: 4.0.5 - missing functions: none
symbol engine: initialized successfully - sym options: 0x614 - pdb path: .;C:\Program Files\Java\jdk-25.0.2\bin;C:\WINDOWS\SYSTEM32;C:\WINDOWS\WinSxS\amd64_microsoft.windows.common-controls_6595b64144ccf1df_6.0.26100.8037_none_3e092faae333b53b;C:\Program Files\Java\jdk-25.0.2\bin\server

VM Arguments:
jvm_args: -Dmaven.home=EMBEDDED -Dclassworlds.conf=D:\eclips workspace\.metadata\.plugins\org.eclipse.m2e.launching\launches\m2conf3617241899664131033.tmp -Dmaven.multiModuleProjectDirectory=C:\Users\varsh\Desktop\HMS\HMS\MediCare -Dm2e.build.project.data.socket.port=21864 -Dfile.encoding=UTF-8 -Dstdout.encoding=UTF-8 -Dstderr.encoding=UTF-8 -XX:+ShowCodeDetailsInExceptionMessages 
java_command: org.codehaus.plexus.classworlds.launcher.Launcher -B -Dstyle.color=always
java_class_path (initial): C:\Users\varsh\.p2\pool\plugins\org.eclipse.m2e.maven.runtime_3.9.1200.20260112-2306\jars\plexus-classworlds-2.9.0.jar
Launcher Type: SUN_STANDARD

[Global flags]
     intx CICompilerCount                          = 3                                         {product} {ergonomic}
     uint ConcGCThreads                            = 1                                         {product} {ergonomic}
     uint G1ConcRefinementThreads                  = 4                                         {product} {ergonomic}
   size_t G1HeapRegionSize                         = 1048576                                   {product} {ergonomic}
   size_t InitialHeapSize                          = 130023424                                 {product} {ergonomic}
   size_t MarkStackSize                            = 4194304                                   {product} {ergonomic}
   size_t MarkStackSizeMax                         = 536870912                                 {product} {ergonomic}
   size_t MaxHeapSize                              = 2055208960                                {product} {ergonomic}
   size_t MinHeapDeltaBytes                        = 1048576                                   {product} {ergonomic}
   size_t MinHeapSize                              = 8388608                                   {product} {ergonomic}
    uintx NonNMethodCodeHeapSize                   = 5832704                                {pd product} {ergonomic}
    uintx NonProfiledCodeHeapSize                  = 122945536                              {pd product} {ergonomic}
    uintx ProfiledCodeHeapSize                     = 122880000                              {pd product} {ergonomic}
    uintx ReservedCodeCacheSize                    = 251658240                              {pd product} {ergonomic}
     bool SegmentedCodeCache                       = true                                      {product} {ergonomic}
     bool ShowCodeDetailsInExceptionMessages       = true                                   {manageable} {command line}
   size_t SoftMaxHeapSize                          = 2055208960                             {manageable} {ergonomic}
     bool UseCompressedOops                        = true                           {product lp64_product} {ergonomic}
     bool UseG1GC                                  = true                                      {product} {ergonomic}
     bool UseLargePagesIndividualAllocation        = false                                  {pd product} {ergonomic}

Logging:
Log output configuration:
 #0: stdout all=warning uptime,level,tags foldmultilines=false
 #1: stderr all=off uptime,level,tags foldmultilines=false

Release file:
<release file has not been read>
Environment Variables:
PATH=C:/Program Files/Java/jdk-25.0.2/bin/server;C:/Program Files/Java/jdk-25.0.2/bin;C:/Users/varsh/AppData/Local/Temp/eoiEDB6.tmp//plugins/org.eclipse.justj.openjdk.hotspot.jre.minimal.stripped.win32.x86_64_21.0.10.v20260205-0638/jre/bin/server;C:/Users/varsh/AppData/Local/Temp/eoiEDB6.tmp//plugins/org.eclipse.justj.openjdk.hotspot.jre.minimal.stripped.win32.x86_64_21.0.10.v20260205-0638/jre/bin;C:\oraclexe\app\oracle\product\10.2.0\server\bin;C:\Program Files\Common Files\Oracle\Java\javapath;C:\Program Files (x86)\Common Files\Oracle\Java\java8path;C:\Program Files (x86)\Common Files\Oracle\Java\javapath;C:\WINDOWS\system32;C:\WINDOWS;C:\WINDOWS\System32\Wbem;C:\WINDOWS\System32\WindowsPowerShell\v1.0\;C:\WINDOWS\System32\OpenSSH\;C:\Program Files (x86)\Microsoft SQL Server\100\Tools\Binn\;C:\Program Files\Microsoft SQL Server\100\Tools\Binn\;C:\Program Files\Microsoft SQL Server\100\DTS\Binn\;C:\Users\varsh\anaconda3;C:\Users\varsh\anaconda3\Scripts;C:\iverilog\bin;C:\Program Files\Git\cmd;C:\Program Files\IDM Computer Solutions\UltraEdit;D:\ALL FOLDERS\NODE.js\;C:\Program Files\Java\jdk-25.0.2\bin;C:\Users\varsh\AppData\Local\Programs\Python\Python311\Scripts\;C:\Users\varsh\AppData\Local\Programs\Python\Python311\;C:\BC5\BIN;C:\Users\varsh\AppData\Local\Microsoft\WindowsApps;C:\Users\varsh\AppData\Local\Programs\Microsoft VS Code\bin;C:\Program Files (x86)\MongoDB CLI\;C:\Users\varsh\AppData\Local\GitHubDesktop\bin;C:\Users\varsh\AppData\Roaming\npm;C:\Windows\SysWOW64;C:\Users\varsh\AppData\Local\Programs\Antigravity\bin;C:\Program Files\JetBrains\IntelliJ IDEA 2026.1\bin;D:\;;D:\;
USERNAME=varsha
OS=Windows_NT
PROCESSOR_IDENTIFIER=Intel64 Family 6 Model 140 Stepping 2, GenuineIntel
TMP=C:\Users\varsh\AppData\Local\Temp
TEMP=C:\Users\varsh\AppData\Local\Temp




Compilation memory statistics disabled.

Periodic native trim disabled

---------------  S Y S T E M  ---------------

OS:
 Windows 11 , 64 bit Build 26100 (10.0.26100.7920)
OS uptime: 1 days 0:12 hours
Hyper-V role detected

CPU: total 4 (initial active 4) (2 cores per cpu, 2 threads per core) family 6 model 140 stepping 2 microcode 0x34, cx8, cmov, fxsr, ht, mmx, 3dnowpref, sse, sse2, sse3, ssse3, sse4.1, sse4.2, popcnt, lzcnt, tsc, tscinvbit, avx, avx2, aes, erms, clmul, bmi1, bmi2, adx, avx512f, avx512dq, avx512cd, avx512bw, avx512vl, sha, fma, vzeroupper, avx512_vpopcntdq, avx512_vpclmulqdq, avx512_vaes, avx512_vnni, clflush, clflushopt, clwb, avx512_vbmi2, avx512_vbmi, hv, rdtscp, rdpid, fsrm, gfni, avx512_bitalg, f16c, cet_ibt, cet_ss, avx512_ifma
Processor Information for the first 4 processors :
  Max Mhz: 2901, Current Mhz: 2901, Mhz Limit: 2901

Memory: 4k page, system-wide physical 7835M (1011M free)
TotalPageFile size 15525M (AvailPageFile size 118M)
current process WorkingSet (physical memory assigned to process): 14M, peak: 14M
current process commit charge ("private bytes"): 52M, peak: 176M

vm_info: Java HotSpot(TM) 64-Bit Server VM (25.0.2+10-LTS-69) for windows-amd64 JRE (25.0.2+10-LTS-69), built on 2025-12-18T11:36:35Z with MS VC++ 17.13 (VS2022)

END.
